---
source: crates/webfang_core/../../tests/behavioral/main.rs
expression: value.into()
---
CLI Arguments for the webfang binary.

# Examples

```no_run use webfang::Args; use clap::Parser;

let args = Args::parse_from([ "webfang", "--url", "https://example.com", "--output", "./output", "--export-format", "jsonl", "--resume", ]);

assert_eq!(args.url, "https://example.com"); ```

Usage: webfang [OPTIONS]
       webfang <COMMAND>

Commands:
  completions  Generate shell completion scripts
  help         Print this message or the help of the given subcommand(s)

Options:
  -u, --url <URL>
          URL to scrape (required unless using a subcommand)
          
          [env: WEBFANG_URL=]

  -s, --selector <SELECTOR>
          CSS selector for content extraction
          
          [env: WEBFANG_SELECTOR=]
          [default: body]

  -o, --output <OUTPUT>
          Output directory for scraped content
          
          [env: WEBFANG_OUTPUT=]
          [default: output]

  -f, --format <FORMAT>
          Output format for individual files (markdown, text, json) NOTE: For RAG pipeline export, use --export-format instead

          Possible values:
          - markdown: Markdown format with YAML frontmatter (recommended for RAG)
          - json:     Structured JSON with metadata
          - text:     Plain text without formatting
          
          [env: WEBFANG_FORMAT=]
          [default: markdown]

      --export-format <EXPORT_FORMAT>
          Export format for RAG pipeline (jsonl, vector, auto) NOTE: Use --format for output file format (markdown, text, json)

          Possible values:
          - jsonl:  JSONL format (JSON Lines - one JSON object per line) Optimal for RAG pipelines and vector database ingestion
          - vector: Vector format (JSON with metadata header) Supports embeddings and cosine similarity
          - auto:   Auto-detect format from existing export files
          
          [env: WEBFANG_EXPORT_FORMAT=]
          [default: jsonl]

      --obsidian-wiki-links
          Convert same-domain links to Obsidian [[wiki-link]] syntax
          
          [env: WEBFANG_OBSIDIAN_WIKI_LINKS=]

      --obsidian-tags <OBSIDIAN_TAGS>
          Tags to include in YAML frontmatter (comma-separated)
          
          [env: WEBFANG_OBSIDIAN_TAGS=]

      --obsidian-relative-assets
          Rewrite downloaded asset paths as relative to the .md file
          
          [env: WEBFANG_OBSIDIAN_RELATIVE_ASSETS=]

      --vault <VAULT>
          Path to Obsidian vault (auto-detects if not provided)
          
          [env: WEBFANG_OBSIDIAN_VAULT=]

      --quick-save
          Quick-save mode: save directly to vault _inbox folder
          
          [env: WEBFANG_OBSIDIAN_QUICK_SAVE=]

      --obsidian-rich-metadata
          Add rich metadata to frontmatter
          
          [env: WEBFANG_OBSIDIAN_RICH_METADATA=]

      --delay-ms <DELAY_MS>
          Delay between requests in milliseconds
          
          [env: WEBFANG_DELAY_MS=]
          [default: 1000]

      --max-pages <MAX_PAGES>
          Maximum pages to scrape
          
          [env: WEBFANG_MAX_PAGES=]
          [default: 10]

      --concurrency <CONCURRENCY>
          Concurrency level (auto or number)
          
          [env: WEBFANG_CONCURRENCY=]
          [default: auto]

      --use-sitemap
          Use sitemap for URL discovery NOTE: HTTP redirects (301/302) are resolved at scrape-time, not parse-time. This avoids redundant HEAD requests during sitemap parsing for better performance
          
          [env: WEBFANG_USE_SITEMAP=]

      --sitemap-url <SITEMAP_URL>
          Explicit sitemap URL
          
          [env: WEBFANG_SITEMAP_URL=]

      --single-page
          Scrape only the seed URL without discovery or crawling
          
          [env: WEBFANG_SINGLE_PAGE=]

      --resume
          Resume mode - skip URLs already processed
          
          [env: WEBFANG_RESUME=]

      --state-dir <STATE_DIR>
          Custom state directory for resume mode
          
          [env: WEBFANG_STATE_DIR=]

      --download-images
          Download images from the page
          
          [env: WEBFANG_DOWNLOAD_IMAGES=]

      --download-documents
          Download documents from the page
          
          [env: WEBFANG_DOWNLOAD_DOCUMENTS=]

      --download-assets
          Download all assets (images + documents) from the page
          
          [env: WEBFANG_DOWNLOAD_ASSETS=]

      --tui
          Unified TUI mode: config form (collapsible sections) → URL selector → scraping
          
          [env: WEBFANG_TUI=]

      --force-js-render
          Force JavaScript rendering for SPA sites (not yet implemented)
          
          [env: WEBFANG_FORCE_JS_RENDER=]

  -v, --verbose...
          Verbosity level: -v (INFO), -vv (DEBUG), -vvv (TRACE)
          
          [env: WEBFANG_VERBOSE=]

  -q, --quiet
          Quiet mode — suppress info/debug output
          
          [env: WEBFANG_QUIET=]

  -n, --dry-run
          Dry-run mode — discover URLs and print without scraping
          
          [env: WEBFANG_DRY_RUN=]

      --trace-file <TRACE_FILE>
          Path to write OTel spans as JSONL for offline debugging
          
          [env: WEBFANG_TRACE_FILE=]

      --max-depth <MAX_DEPTH>
          Maximum depth to crawl (0 = only seed URL)
          
          [env: WEBFANG_MAX_DEPTH=]
          [default: 2]

      --timeout-secs <TIMEOUT_SECS>
          Request timeout in seconds
          
          [env: WEBFANG_TIMEOUT_SECS=]
          [default: 30]

      --include-pattern <INCLUDE_PATTERNS>
          URL patterns to include (glob-style)
          
          [env: WEBFANG_INCLUDE=]

      --exclude-pattern <EXCLUDE_PATTERNS>
          URL patterns to exclude (glob-style)
          
          [env: WEBFANG_EXCLUDE=]

      --asset-naming <ASSET_NAMING>
          Estrategia de nombre de archivo para assets descargados: hash (default), slug, content-disposition
          
          [default: hash]
          [possible values: hash, slug, content-disposition]

      --download-concurrency <DOWNLOAD_CONCURRENCY>
          Máximo de descargas de assets concurrentes por página (mínimo 1)
          
          [env: WEBFANG_DOWNLOAD_CONCURRENCY=]
          [default: 3]

      --max-retries <MAX_RETRIES>
          Maximum number of retry attempts
          
          [env: WEBFANG_MAX_RETRIES=]
          [default: 3]

      --backoff-base-ms <BACKOFF_BASE_MS>
          Base delay for exponential backoff (ms)
          
          [env: WEBFANG_BACKOFF_BASE_MS=]
          [default: 1000]

      --backoff-max-ms <BACKOFF_MAX_MS>
          Maximum delay for exponential backoff (ms)
          
          [env: WEBFANG_BACKOFF_MAX_MS=]
          [default: 10000]

      --accept-language <ACCEPT_LANGUAGE>
          Accept-Language header value
          
          [env: WEBFANG_ACCEPT_LANGUAGE=]
          [default: en-US,en;q=0.9]

      --user-agent <USER_AGENT>
          Custom User-Agent header value (overrides Chrome 145 default)
          
          [env: WEBFANG_USER_AGENT=]

      --max-file-size <MAX_FILE_SIZE>
          Maximum file size to download in bytes (default: 50MB)
          
          [env: WEBFANG_MAX_FILE_SIZE=]
          [default: 52428800]

      --download-timeout <DOWNLOAD_TIMEOUT>
          Timeout for individual asset downloads in seconds
          
          [env: WEBFANG_DOWNLOAD_TIMEOUT=]
          [default: 30]

      --sitemap-depth <SITEMAP_DEPTH>
          Maximum recursion depth for sitemap indexes
          
          [env: WEBFANG_SITEMAP_DEPTH=]
          [default: 3]

      --cpu-cores <CPU_CORES>
          CPU core override for the elastic ingestion Rayon pool (else auto-detect)
          
          [env: WEBFANG_CPU_CORES=]

      --ram-budget <RAM_BUDGET>
          RAM budget override for the byte-weighted semaphore (`8GB`, `2048MB`, or bytes)
          
          [env: WEBFANG_RAM_BUDGET=]

      --db-path <DB_PATH>
          SQLite database path override for persisted resources/chunks
          
          [env: WEBFANG_DB_PATH=]

      --elastic
          Enable elastic ingestion pipeline (streaming, SQLite dedup, Rayon CPU bridge)
          
          [env: WEBFANG_ELASTIC=]

      --output-vectors <OUTPUT_VECTORS>
          Write extracted vectors to a JSONL file for RAG pipelines. Use `-` for stdout. No SQLite dependency — available in every build (core binary too)
          
          [env: WEBFANG_OUTPUT_VECTORS=]

      --checkpoint-interval <CHECKPOINT_INTERVAL>
          Pages between automatic checkpoint saves (0 = disabled) NOTE: Checkpoint is for programmatic use (Engine API) only. CLI --resume uses StateStore instead of checkpoints
          
          [env: WEBFANG_CHECKPOINT_INTERVAL=]
          [default: 100]

      --no-checkpoint
          Disable checkpoint persistence entirely NOTE: Checkpoint is for programmatic use (Engine API) only. CLI --resume uses StateStore instead of checkpoints
          
          [env: WEBFANG_NO_CHECKPOINT=]

      --ignore-robots
          Skip robots.txt enforcement
          
          [env: WEBFANG_IGNORE_ROBOTS=]

      --autoscale
          Enable autoscaled concurrency — dynamically adjusts task concurrency based on RAM usage
          
          [env: WEBFANG_AUTOSCALE=]

      --no-session-health
          Disable session pool health checks
          
          [env: WEBFANG_NO_SESSION_HEALTH=]

      --h2-profile <H2_PROFILE>
          TLS/HTTP2 profile name (default: Chrome145)
          
          [env: WEBFANG_H2_PROFILE=]
          [default: Chrome145]

      --js-strategy <JS_STRATEGY>
          JavaScript rendering strategy: static (wreq only), hybrid (3-layer), full (Chromiumoxide only)

          Possible values:
          - static: Static HTTP only (wreq). Fastest, no JS rendering
          - hybrid: Hybrid 3-layer: wreq → Obscura → Chromiumoxide
          - full:   Full JS rendering only (Chromiumoxide). Slowest, handles all SPAs
          
          [env: WEBFANG_JS_STRATEGY=]
          [default: static]

      --obscura-binary <OBSCURA_BINARY>
          Path to the obscura binary (default: "obscura")
          
          [env: WEBFANG_OBSCURA_BINARY=]
          [default: obscura]

      --batch
          Enable batch mode — read URLs from stdin (one per line)
          
          [env: WEBFANG_BATCH=]

      --batch-file <BATCH_FILE>
          Path to a file containing URLs to crawl (one per line)
          
          [env: WEBFANG_BATCH_FILE=]

      --batch-concurrency <BATCH_CONCURRENCY>
          Maximum concurrent URLs in batch mode
          
          [env: WEBFANG_BATCH_CONCURRENCY=]
          [default: 5]

      --pipeline
          Enable item pipeline processing (validate → clean → output)
          
          [env: WEBFANG_PIPELINE=]

      --pipeline-output <PIPELINE_OUTPUT>
          Pipeline output format: jsonl (default), none

          Possible values:
          - jsonl: Write items as JSON Lines to a file (default)
          - none:  No pipeline output — items are processed but not written
          
          [env: WEBFANG_PIPELINE_OUTPUT=]
          [default: jsonl]

  -h, --help
          Print help (see a summary with '-h')

  -V, --version
          Print version

EXIT CODES:
  0    Success
  2    No URLs discovered
  69   WAF block or network error
  74   I/O error
  76   Protocol error
  78   Configuration error

EXAMPLES:
  webfang -u https://example.com
  webfang -u https://example.com --ai
  webfang -u https://example.com -f jsonl
  webfang -u https://example.com -v
  webfang -u https://example.com -vv  # DEBUG
  webfang --url-list urls.txt --resume
