---
source: crates/rust_scraper_core/../../tests/behavioral/main.rs
expression: redacted
---
---
title: Single Page Test
url: http://127.0.0.1:<PORT>/
date: [DATE]
excerpt: This is meaningful content for the extractor to process.
---

## Hello World

This is meaningful content for the extractor to process.

More paragraphs ensure readability can extract a proper document.
