---
source: crates/webfang_mcp/tests/selector_integration.rs
expression: pretty(json)
---
{
  "diagnostic": null,
  "results": [
    {
      "author": null,
      "content": "",
      "date": null,
      "excerpt": null,
      "title": "Default Page",
      "url": "https://example.com/"
    }
  ],
  "selector_applied": false,
  "selector_matched": true
}
