---
source: crates/rust_scraper_core/../../tests/behavioral/cli/obsidian_test.rs
expression: redacted
---
---
title: Tagged Page
url: http://127.0.0.1:<PORT>/
date: [DATE]
excerpt: Content with obsidian tags for frontmatter testing.
tags:
- scraped
- web-dev
- rust
---

Content with obsidian tags for frontmatter testing.
