---
source: crates/webfang_core/tests/behavioral/main.rs
expression: redacted
---
  <TIMESTAMP>  WARN <MODULE>: Sitemap URL returned non-2xx status: 404 Not Found from http://127.0.0.1:<PORT>/sitemap.xml
    at <FILE>.rs:<LINE>

  <TIMESTAMP> ERROR <MODULE>: Failed to parse sitemap http://127.0.0.1:<PORT>/sitemap.xml: http request failed: 404: server returned 404 Not Found
    at <FILE>.rs:<LINE>

Error: URL discovery failed: http error 404 al acceder a server returned 404 Not Found
