---
source: crates/webfang_core/tests/behavioral/main.rs
expression: redacted
---
  <TIMESTAMP>  WARN <MODULE>: Failed to fetch robots.txt for 127.0.0.1: error sending request for uri (http://127.0.0.1:<PORT>/robots.txt): client error (Connect)
    at <FILE>.rs:<LINE>

  <TIMESTAMP>  WARN <MODULE>: Failed to scrape http://127.0.0.1:<PORT>/: error de red: network error: error sending request for uri (http://127.0.0.1:<PORT>/): client error (Connect)
    at <FILE>.rs:<LINE>

Failed to scrape http://127.0.0.1:<PORT>/: error de red: network error: error sending request for uri (http://127.0.0.1:<PORT>/): client error (Connect)
No pages were successfully scraped
Error: No pages were successfully scraped
